---
source: tap_core/tests/rav_test.rs
expression: receipts
snapshot_kind: text
---
[
  {
    "message": {
      "allocation_id": "0xabababababababababababababababababababab",
      "timestamp_ns": 50,
      "nonce": 50,
      "value": 50
    },
    "signature": {
      "r": "0x5257bab234e33525cd999db4defc805c2d3b4e51cde3697f43e37ce39473720f",
      "s": "0x6c3af14c3d400dfd047fd2da90eb9e8cee863e77cc52742ebcbf080b8d6ec2",
      "yParity": "0x1",
      "v": "0x1"
    }
  },
  {
    "message": {
      "allocation_id": "0xabababababababababababababababababababab",
      "timestamp_ns": 51,
      "nonce": 51,
      "value": 51
    },
    "signature": {
      "r": "0x1596dd0d380ede7aa5dec5ed09ea7d1fa8e4bc8dfdb43a4e965bb4f16906e321",
      "s": "0x788b69625a031fbd2e769928b63505387df16e7c51f19ff67c782bfec101a387",
      "yParity": "0x0",
      "v": "0x0"
    }
  },
  {
    "message": {
      "allocation_id": "0xabababababababababababababababababababab",
      "timestamp_ns": 52,
      "nonce": 52,
      "value": 52
    },
    "signature": {
      "r": "0xb3b8e2c1249fc14183024e28b14f7749ef852c898906c2442f380a26bf07a625",
      "s": "0x6925e7dce01d539a658d552e43cfd92d9d204d6997604f8f613977251b964db3",
      "yParity": "0x1",
      "v": "0x1"
    }
  },
  {
    "message": {
      "allocation_id": "0xabababababababababababababababababababab",
      "timestamp_ns": 53,
      "nonce": 53,
      "value": 53
    },
    "signature": {
      "r": "0x3b4d08db319497c2cc0d515d25057e28ce44b194a23e84b9d35682f97027c7e3",
      "s": "0x232e02eb4b52d302d620867a4c10829e5a307404ea1bcbbd2ee33e8422a18a16",
      "yParity": "0x1",
      "v": "0x1"
    }
  },
  {
    "message": {
      "allocation_id": "0xabababababababababababababababababababab",
      "timestamp_ns": 54,
      "nonce": 54,
      "value": 54
    },
    "signature": {
      "r": "0x619d84f659ea3941cdb0656100b2ea8a3d2f5658dbd67f796ebfb8840156530b",
      "s": "0x163b236f88207b89452255da8ce196997d8f2f0880081659c780f2093797f75e",
      "yParity": "0x1",
      "v": "0x1"
    }
  },
  {
    "message": {
      "allocation_id": "0xabababababababababababababababababababab",
      "timestamp_ns": 55,
      "nonce": 55,
      "value": 55
    },
    "signature": {
      "r": "0x48e1e0e31eaf40eabbcbc3c6d125b7656c0796d51188f89d27194e22f2c5d6bb",
      "s": "0xd26efc0ae8cc3646993a20b5aabac1125ecb149ad91d733c702ac9f03222b66",
      "yParity": "0x1",
      "v": "0x1"
    }
  },
  {
    "message": {
      "allocation_id": "0xabababababababababababababababababababab",
      "timestamp_ns": 56,
      "nonce": 56,
      "value": 56
    },
    "signature": {
      "r": "0xc3adb8be5db130f563d3a18fc9e742fca84f69a903413e04dc567b9c3aca8626",
      "s": "0x564dd73bdd33897c7a085e4eb1bc0ce002b1d65c6006781ab54cd670846fe358",
      "yParity": "0x0",
      "v": "0x0"
    }
  },
  {
    "message": {
      "allocation_id": "0xabababababababababababababababababababab",
      "timestamp_ns": 57,
      "nonce": 57,
      "value": 57
    },
    "signature": {
      "r": "0xa0fe51e1b7253daed14f99c9320d0a539ef18b6ead6552947e5c93dde6f40dea",
      "s": "0x4277d66d3a8c9f67cddc8d96a71ef8437e47e34a5b5789d7843eb691c3b9864",
      "yParity": "0x0",
      "v": "0x0"
    }
  },
  {
    "message": {
      "allocation_id": "0xabababababababababababababababababababab",
      "timestamp_ns": 58,
      "nonce": 58,
      "value": 58
    },
    "signature": {
      "r": "0x26f1657e4b8759867820be12c25e982e15ff9d70aa99fe1fd2587cbb644829de",
      "s": "0x5cabbd965f93e544b07e5956c2831148dbf7960b4e2edadfa6ecbf1209dacda4",
      "yParity": "0x0",
      "v": "0x0"
    }
  },
  {
    "message": {
      "allocation_id": "0xabababababababababababababababababababab",
      "timestamp_ns": 59,
      "nonce": 59,
      "value": 59
    },
    "signature": {
      "r": "0x90ce08049b9ce9fa38077ebeed0e24558442d8ae001aeff6b9f4b06f4f553c69",
      "s": "0x7a873491448ae696555f9d1314b4e78a7cc98a19a6b0c26aad562053dc26a202",
      "yParity": "0x1",
      "v": "0x1"
    }
  }
]
